[2025-12-04T16:31:46.872+0000] {taskinstance.py:1956} INFO - Dependencies all met for dep_context=non-requeueable deps ti=<TaskInstance: weather_prediction_pipeline.extract_weather_data manual__2025-12-04T16:26:44+00:00 [queued]>
[2025-12-04T16:31:46.878+0000] {taskinstance.py:1956} INFO - Dependencies all met for dep_context=requeueable deps ti=<TaskInstance: weather_prediction_pipeline.extract_weather_data manual__2025-12-04T16:26:44+00:00 [queued]>
[2025-12-04T16:31:46.879+0000] {taskinstance.py:2170} INFO - Starting attempt 2 of 2
[2025-12-04T16:31:46.890+0000] {taskinstance.py:2191} INFO - Executing <Task(PythonOperator): extract_weather_data> on 2025-12-04 16:26:44+00:00
[2025-12-04T16:31:46.893+0000] {standard_task_runner.py:60} INFO - Started process 445 to run task
[2025-12-04T16:31:46.896+0000] {standard_task_runner.py:87} INFO - Running: ['***', 'tasks', 'run', 'weather_prediction_pipeline', 'extract_weather_data', 'manual__2025-12-04T16:26:44+00:00', '--job-id', '7', '--raw', '--subdir', 'DAGS_FOLDER/weather_prediction_dag.py', '--cfg-path', '/tmp/tmphkvo1ax8']
[2025-12-04T16:31:46.900+0000] {standard_task_runner.py:88} INFO - Job 7: Subtask extract_weather_data
[2025-12-04T16:31:46.947+0000] {task_command.py:423} INFO - Running <TaskInstance: weather_prediction_pipeline.extract_weather_data manual__2025-12-04T16:26:44+00:00 [running]> on host 806eb6bb0670
[2025-12-04T16:31:46.997+0000] {taskinstance.py:2480} INFO - Exporting env vars: AIRFLOW_CTX_DAG_OWNER='mlops-team' AIRFLOW_CTX_DAG_ID='weather_prediction_pipeline' AIRFLOW_CTX_TASK_ID='extract_weather_data' AIRFLOW_CTX_EXECUTION_DATE='2025-12-04T16:26:44+00:00' AIRFLOW_CTX_TRY_NUMBER='2' AIRFLOW_CTX_DAG_RUN_ID='manual__2025-12-04T16:26:44+00:00'
[2025-12-04T16:31:47.742+0000] {logging_mixin.py:188} INFO - Data extracted and saved to: /opt/***/data/raw/weather_raw_20251204_163147.json
[2025-12-04T16:31:47.742+0000] {logging_mixin.py:188} INFO - Performing data quality check...
[2025-12-04T16:31:48.041+0000] {logging_mixin.py:188} INFO - Data quality check PASSED: All key columns have <1.00% null values
[2025-12-04T16:31:48.042+0000] {logging_mixin.py:188} INFO - Data quality check passed.
[2025-12-04T16:31:48.042+0000] {python.py:201} INFO - Done. Returned value was: /opt/airflow/data/raw/weather_raw_20251204_163147.json
[2025-12-04T16:31:48.049+0000] {xcom.py:664} ERROR - Object of type PosixPath is not JSON serializable. If you are using pickle instead of JSON for XCom, then you need to enable pickle support for XCom in your *** config or make sure to decorate your object with attr.
[2025-12-04T16:31:48.050+0000] {taskinstance.py:2698} ERROR - Task failed with exception
Traceback (most recent call last):
  File "/home/airflow/.local/lib/python3.8/site-packages/airflow/utils/json.py", line 91, in default
    return serialize(o)
  File "/home/airflow/.local/lib/python3.8/site-packages/airflow/serialization/serde.py", line 180, in serialize
    raise TypeError(f"cannot serialize object of type {cls}")
TypeError: cannot serialize object of type <class 'pathlib.PosixPath'>

During handling of the above exception, another exception occurred:

Traceback (most recent call last):
  File "/home/airflow/.local/lib/python3.8/site-packages/airflow/models/taskinstance.py", line 440, in _execute_task
    task_instance.xcom_push(key=XCOM_RETURN_KEY, value=xcom_value, session=session)
  File "/home/airflow/.local/lib/python3.8/site-packages/airflow/utils/session.py", line 76, in wrapper
    return func(*args, **kwargs)
  File "/home/airflow/.local/lib/python3.8/site-packages/airflow/models/taskinstance.py", line 2980, in xcom_push
    XCom.set(
  File "/home/airflow/.local/lib/python3.8/site-packages/airflow/utils/session.py", line 76, in wrapper
    return func(*args, **kwargs)
  File "/home/airflow/.local/lib/python3.8/site-packages/airflow/models/xcom.py", line 247, in set
    value = cls.serialize_value(
  File "/home/airflow/.local/lib/python3.8/site-packages/airflow/models/xcom.py", line 662, in serialize_value
    return json.dumps(value, cls=XComEncoder).encode("UTF-8")
  File "/usr/local/lib/python3.8/json/__init__.py", line 234, in dumps
    return cls(
  File "/home/airflow/.local/lib/python3.8/site-packages/airflow/utils/json.py", line 104, in encode
    return super().encode(o)
  File "/usr/local/lib/python3.8/json/encoder.py", line 199, in encode
    chunks = self.iterencode(o, _one_shot=True)
  File "/usr/local/lib/python3.8/json/encoder.py", line 257, in iterencode
    return _iterencode(o, 0)
  File "/home/airflow/.local/lib/python3.8/site-packages/airflow/utils/json.py", line 93, in default
    return super().default(o)
  File "/usr/local/lib/python3.8/json/encoder.py", line 179, in default
    raise TypeError(f'Object of type {o.__class__.__name__} '
TypeError: Object of type PosixPath is not JSON serializable
[2025-12-04T16:31:48.057+0000] {taskinstance.py:1138} INFO - Marking task as FAILED. dag_id=weather_prediction_pipeline, task_id=extract_weather_data, execution_date=20251204T162644, start_date=20251204T163146, end_date=20251204T163148
[2025-12-04T16:31:48.065+0000] {standard_task_runner.py:107} ERROR - Failed to execute job 7 for task extract_weather_data (Object of type PosixPath is not JSON serializable; 445)
[2025-12-04T16:31:48.114+0000] {local_task_job_runner.py:234} INFO - Task exited with return code 1
[2025-12-04T16:31:48.128+0000] {taskinstance.py:3280} INFO - 0 downstream tasks scheduled from follow-on schedule check
