[2025-12-05T02:04:35.699+0000] {processor.py:161} INFO - Started process (PID=174) to work on /opt/airflow/dags/weather_prediction_dag.py
[2025-12-05T02:04:35.700+0000] {processor.py:830} INFO - Processing file /opt/airflow/dags/weather_prediction_dag.py for tasks to queue
[2025-12-05T02:04:35.701+0000] {logging_mixin.py:188} INFO - [2025-12-05T02:04:35.701+0000] {dagbag.py:538} INFO - Filling up the DagBag from /opt/airflow/dags/weather_prediction_dag.py
[2025-12-05T02:04:35.782+0000] {processor.py:840} INFO - DAG(s) 'weather_prediction_pipeline' retrieved from /opt/airflow/dags/weather_prediction_dag.py
[2025-12-05T02:04:35.922+0000] {logging_mixin.py:188} INFO - [2025-12-05T02:04:35.922+0000] {dag.py:3036} INFO - Sync 1 DAGs
[2025-12-05T02:04:35.948+0000] {logging_mixin.py:188} INFO - [2025-12-05T02:04:35.948+0000] {dag.py:3823} INFO - Setting next_dagrun for weather_prediction_pipeline to 2025-12-05 00:00:00+00:00, run_after=2025-12-06 00:00:00+00:00
[2025-12-05T02:04:35.987+0000] {processor.py:183} INFO - Processing /opt/airflow/dags/weather_prediction_dag.py took 0.291 seconds
[2025-12-05T02:05:06.046+0000] {processor.py:161} INFO - Started process (PID=191) to work on /opt/airflow/dags/weather_prediction_dag.py
[2025-12-05T02:05:06.047+0000] {processor.py:830} INFO - Processing file /opt/airflow/dags/weather_prediction_dag.py for tasks to queue
[2025-12-05T02:05:06.048+0000] {logging_mixin.py:188} INFO - [2025-12-05T02:05:06.048+0000] {dagbag.py:538} INFO - Filling up the DagBag from /opt/airflow/dags/weather_prediction_dag.py
[2025-12-05T02:05:06.074+0000] {processor.py:840} INFO - DAG(s) 'weather_prediction_pipeline' retrieved from /opt/airflow/dags/weather_prediction_dag.py
[2025-12-05T02:05:06.091+0000] {logging_mixin.py:188} INFO - [2025-12-05T02:05:06.090+0000] {dag.py:3036} INFO - Sync 1 DAGs
[2025-12-05T02:05:06.106+0000] {logging_mixin.py:188} INFO - [2025-12-05T02:05:06.105+0000] {dag.py:3823} INFO - Setting next_dagrun for weather_prediction_pipeline to 2025-12-05 00:00:00+00:00, run_after=2025-12-06 00:00:00+00:00
[2025-12-05T02:05:06.121+0000] {processor.py:183} INFO - Processing /opt/airflow/dags/weather_prediction_dag.py took 0.077 seconds
[2025-12-05T02:05:36.895+0000] {processor.py:161} INFO - Started process (PID=204) to work on /opt/airflow/dags/weather_prediction_dag.py
[2025-12-05T02:05:36.896+0000] {processor.py:830} INFO - Processing file /opt/airflow/dags/weather_prediction_dag.py for tasks to queue
[2025-12-05T02:05:36.896+0000] {logging_mixin.py:188} INFO - [2025-12-05T02:05:36.896+0000] {dagbag.py:538} INFO - Filling up the DagBag from /opt/airflow/dags/weather_prediction_dag.py
[2025-12-05T02:05:36.920+0000] {processor.py:840} INFO - DAG(s) 'weather_prediction_pipeline' retrieved from /opt/airflow/dags/weather_prediction_dag.py
[2025-12-05T02:05:36.936+0000] {logging_mixin.py:188} INFO - [2025-12-05T02:05:36.936+0000] {dag.py:3036} INFO - Sync 1 DAGs
[2025-12-05T02:05:36.951+0000] {logging_mixin.py:188} INFO - [2025-12-05T02:05:36.950+0000] {dag.py:3823} INFO - Setting next_dagrun for weather_prediction_pipeline to 2025-12-05 00:00:00+00:00, run_after=2025-12-06 00:00:00+00:00
[2025-12-05T02:05:36.963+0000] {processor.py:183} INFO - Processing /opt/airflow/dags/weather_prediction_dag.py took 0.071 seconds
[2025-12-05T02:06:07.752+0000] {processor.py:161} INFO - Started process (PID=217) to work on /opt/airflow/dags/weather_prediction_dag.py
[2025-12-05T02:06:07.753+0000] {processor.py:830} INFO - Processing file /opt/airflow/dags/weather_prediction_dag.py for tasks to queue
[2025-12-05T02:06:07.754+0000] {logging_mixin.py:188} INFO - [2025-12-05T02:06:07.754+0000] {dagbag.py:538} INFO - Filling up the DagBag from /opt/airflow/dags/weather_prediction_dag.py
[2025-12-05T02:06:07.784+0000] {processor.py:840} INFO - DAG(s) 'weather_prediction_pipeline' retrieved from /opt/airflow/dags/weather_prediction_dag.py
[2025-12-05T02:06:07.807+0000] {logging_mixin.py:188} INFO - [2025-12-05T02:06:07.807+0000] {dag.py:3036} INFO - Sync 1 DAGs
[2025-12-05T02:06:07.827+0000] {logging_mixin.py:188} INFO - [2025-12-05T02:06:07.827+0000] {dag.py:3823} INFO - Setting next_dagrun for weather_prediction_pipeline to 2025-12-05 00:00:00+00:00, run_after=2025-12-06 00:00:00+00:00
[2025-12-05T02:06:07.850+0000] {processor.py:183} INFO - Processing /opt/airflow/dags/weather_prediction_dag.py took 0.101 seconds
[2025-12-05T02:06:38.402+0000] {processor.py:161} INFO - Started process (PID=230) to work on /opt/airflow/dags/weather_prediction_dag.py
[2025-12-05T02:06:38.404+0000] {processor.py:830} INFO - Processing file /opt/airflow/dags/weather_prediction_dag.py for tasks to queue
[2025-12-05T02:06:38.405+0000] {logging_mixin.py:188} INFO - [2025-12-05T02:06:38.405+0000] {dagbag.py:538} INFO - Filling up the DagBag from /opt/airflow/dags/weather_prediction_dag.py
[2025-12-05T02:06:38.465+0000] {processor.py:840} INFO - DAG(s) 'weather_prediction_pipeline' retrieved from /opt/airflow/dags/weather_prediction_dag.py
[2025-12-05T02:06:38.487+0000] {logging_mixin.py:188} INFO - [2025-12-05T02:06:38.487+0000] {dag.py:3036} INFO - Sync 1 DAGs
[2025-12-05T02:06:38.507+0000] {logging_mixin.py:188} INFO - [2025-12-05T02:06:38.507+0000] {dag.py:3823} INFO - Setting next_dagrun for weather_prediction_pipeline to 2025-12-05 00:00:00+00:00, run_after=2025-12-06 00:00:00+00:00
[2025-12-05T02:06:38.522+0000] {processor.py:183} INFO - Processing /opt/airflow/dags/weather_prediction_dag.py took 0.123 seconds
[2025-12-05T02:07:09.139+0000] {processor.py:161} INFO - Started process (PID=243) to work on /opt/airflow/dags/weather_prediction_dag.py
[2025-12-05T02:07:09.141+0000] {processor.py:830} INFO - Processing file /opt/airflow/dags/weather_prediction_dag.py for tasks to queue
[2025-12-05T02:07:09.141+0000] {logging_mixin.py:188} INFO - [2025-12-05T02:07:09.141+0000] {dagbag.py:538} INFO - Filling up the DagBag from /opt/airflow/dags/weather_prediction_dag.py
[2025-12-05T02:07:09.172+0000] {processor.py:840} INFO - DAG(s) 'weather_prediction_pipeline' retrieved from /opt/airflow/dags/weather_prediction_dag.py
[2025-12-05T02:07:09.192+0000] {logging_mixin.py:188} INFO - [2025-12-05T02:07:09.191+0000] {dag.py:3036} INFO - Sync 1 DAGs
[2025-12-05T02:07:09.213+0000] {logging_mixin.py:188} INFO - [2025-12-05T02:07:09.213+0000] {dag.py:3823} INFO - Setting next_dagrun for weather_prediction_pipeline to 2025-12-05 00:00:00+00:00, run_after=2025-12-06 00:00:00+00:00
[2025-12-05T02:07:09.230+0000] {processor.py:183} INFO - Processing /opt/airflow/dags/weather_prediction_dag.py took 0.095 seconds
[2025-12-05T02:07:39.865+0000] {processor.py:161} INFO - Started process (PID=256) to work on /opt/airflow/dags/weather_prediction_dag.py
[2025-12-05T02:07:39.866+0000] {processor.py:830} INFO - Processing file /opt/airflow/dags/weather_prediction_dag.py for tasks to queue
[2025-12-05T02:07:39.867+0000] {logging_mixin.py:188} INFO - [2025-12-05T02:07:39.867+0000] {dagbag.py:538} INFO - Filling up the DagBag from /opt/airflow/dags/weather_prediction_dag.py
[2025-12-05T02:07:39.926+0000] {processor.py:840} INFO - DAG(s) 'weather_prediction_pipeline' retrieved from /opt/airflow/dags/weather_prediction_dag.py
[2025-12-05T02:07:39.950+0000] {logging_mixin.py:188} INFO - [2025-12-05T02:07:39.950+0000] {dag.py:3036} INFO - Sync 1 DAGs
[2025-12-05T02:07:39.972+0000] {logging_mixin.py:188} INFO - [2025-12-05T02:07:39.972+0000] {dag.py:3823} INFO - Setting next_dagrun for weather_prediction_pipeline to 2025-12-05 00:00:00+00:00, run_after=2025-12-06 00:00:00+00:00
[2025-12-05T02:07:39.992+0000] {processor.py:183} INFO - Processing /opt/airflow/dags/weather_prediction_dag.py took 0.130 seconds
[2025-12-05T02:08:10.696+0000] {processor.py:161} INFO - Started process (PID=268) to work on /opt/airflow/dags/weather_prediction_dag.py
[2025-12-05T02:08:10.697+0000] {processor.py:830} INFO - Processing file /opt/airflow/dags/weather_prediction_dag.py for tasks to queue
[2025-12-05T02:08:10.698+0000] {logging_mixin.py:188} INFO - [2025-12-05T02:08:10.698+0000] {dagbag.py:538} INFO - Filling up the DagBag from /opt/airflow/dags/weather_prediction_dag.py
[2025-12-05T02:08:10.730+0000] {processor.py:840} INFO - DAG(s) 'weather_prediction_pipeline' retrieved from /opt/airflow/dags/weather_prediction_dag.py
[2025-12-05T02:08:10.751+0000] {logging_mixin.py:188} INFO - [2025-12-05T02:08:10.751+0000] {dag.py:3036} INFO - Sync 1 DAGs
[2025-12-05T02:08:10.769+0000] {logging_mixin.py:188} INFO - [2025-12-05T02:08:10.769+0000] {dag.py:3823} INFO - Setting next_dagrun for weather_prediction_pipeline to 2025-12-05 00:00:00+00:00, run_after=2025-12-06 00:00:00+00:00
[2025-12-05T02:08:10.785+0000] {processor.py:183} INFO - Processing /opt/airflow/dags/weather_prediction_dag.py took 0.091 seconds
[2025-12-05T02:08:40.868+0000] {processor.py:161} INFO - Started process (PID=274) to work on /opt/airflow/dags/weather_prediction_dag.py
[2025-12-05T02:08:40.869+0000] {processor.py:830} INFO - Processing file /opt/airflow/dags/weather_prediction_dag.py for tasks to queue
[2025-12-05T02:08:40.870+0000] {logging_mixin.py:188} INFO - [2025-12-05T02:08:40.870+0000] {dagbag.py:538} INFO - Filling up the DagBag from /opt/airflow/dags/weather_prediction_dag.py
[2025-12-05T02:08:40.900+0000] {processor.py:840} INFO - DAG(s) 'weather_prediction_pipeline' retrieved from /opt/airflow/dags/weather_prediction_dag.py
[2025-12-05T02:08:40.919+0000] {logging_mixin.py:188} INFO - [2025-12-05T02:08:40.918+0000] {dag.py:3036} INFO - Sync 1 DAGs
[2025-12-05T02:08:40.937+0000] {logging_mixin.py:188} INFO - [2025-12-05T02:08:40.936+0000] {dag.py:3823} INFO - Setting next_dagrun for weather_prediction_pipeline to 2025-12-05 00:00:00+00:00, run_after=2025-12-06 00:00:00+00:00
[2025-12-05T02:08:40.952+0000] {processor.py:183} INFO - Processing /opt/airflow/dags/weather_prediction_dag.py took 0.086 seconds
[2025-12-05T02:09:11.146+0000] {processor.py:161} INFO - Started process (PID=287) to work on /opt/airflow/dags/weather_prediction_dag.py
[2025-12-05T02:09:11.147+0000] {processor.py:830} INFO - Processing file /opt/airflow/dags/weather_prediction_dag.py for tasks to queue
[2025-12-05T02:09:11.148+0000] {logging_mixin.py:188} INFO - [2025-12-05T02:09:11.148+0000] {dagbag.py:538} INFO - Filling up the DagBag from /opt/airflow/dags/weather_prediction_dag.py
[2025-12-05T02:09:11.174+0000] {processor.py:840} INFO - DAG(s) 'weather_prediction_pipeline' retrieved from /opt/airflow/dags/weather_prediction_dag.py
[2025-12-05T02:09:11.192+0000] {logging_mixin.py:188} INFO - [2025-12-05T02:09:11.192+0000] {dag.py:3036} INFO - Sync 1 DAGs
[2025-12-05T02:09:11.208+0000] {logging_mixin.py:188} INFO - [2025-12-05T02:09:11.208+0000] {dag.py:3823} INFO - Setting next_dagrun for weather_prediction_pipeline to 2025-12-05 00:00:00+00:00, run_after=2025-12-06 00:00:00+00:00
[2025-12-05T02:09:11.231+0000] {processor.py:183} INFO - Processing /opt/airflow/dags/weather_prediction_dag.py took 0.088 seconds
[2025-12-05T02:09:41.906+0000] {processor.py:161} INFO - Started process (PID=303) to work on /opt/airflow/dags/weather_prediction_dag.py
[2025-12-05T02:09:41.907+0000] {processor.py:830} INFO - Processing file /opt/airflow/dags/weather_prediction_dag.py for tasks to queue
[2025-12-05T02:09:41.907+0000] {logging_mixin.py:188} INFO - [2025-12-05T02:09:41.907+0000] {dagbag.py:538} INFO - Filling up the DagBag from /opt/airflow/dags/weather_prediction_dag.py
[2025-12-05T02:09:41.933+0000] {processor.py:840} INFO - DAG(s) 'weather_prediction_pipeline' retrieved from /opt/airflow/dags/weather_prediction_dag.py
[2025-12-05T02:09:41.950+0000] {logging_mixin.py:188} INFO - [2025-12-05T02:09:41.950+0000] {dag.py:3036} INFO - Sync 1 DAGs
[2025-12-05T02:09:41.965+0000] {logging_mixin.py:188} INFO - [2025-12-05T02:09:41.965+0000] {dag.py:3823} INFO - Setting next_dagrun for weather_prediction_pipeline to 2025-12-05 00:00:00+00:00, run_after=2025-12-06 00:00:00+00:00
[2025-12-05T02:09:41.978+0000] {processor.py:183} INFO - Processing /opt/airflow/dags/weather_prediction_dag.py took 0.075 seconds
[2025-12-05T02:10:12.575+0000] {processor.py:161} INFO - Started process (PID=316) to work on /opt/airflow/dags/weather_prediction_dag.py
[2025-12-05T02:10:12.576+0000] {processor.py:830} INFO - Processing file /opt/airflow/dags/weather_prediction_dag.py for tasks to queue
[2025-12-05T02:10:12.576+0000] {logging_mixin.py:188} INFO - [2025-12-05T02:10:12.576+0000] {dagbag.py:538} INFO - Filling up the DagBag from /opt/airflow/dags/weather_prediction_dag.py
[2025-12-05T02:10:12.606+0000] {processor.py:840} INFO - DAG(s) 'weather_prediction_pipeline' retrieved from /opt/airflow/dags/weather_prediction_dag.py
[2025-12-05T02:10:12.625+0000] {logging_mixin.py:188} INFO - [2025-12-05T02:10:12.624+0000] {dag.py:3036} INFO - Sync 1 DAGs
[2025-12-05T02:10:12.640+0000] {logging_mixin.py:188} INFO - [2025-12-05T02:10:12.640+0000] {dag.py:3823} INFO - Setting next_dagrun for weather_prediction_pipeline to 2025-12-05 00:00:00+00:00, run_after=2025-12-06 00:00:00+00:00
[2025-12-05T02:10:12.654+0000] {processor.py:183} INFO - Processing /opt/airflow/dags/weather_prediction_dag.py took 0.081 seconds
[2025-12-05T02:10:43.377+0000] {processor.py:161} INFO - Started process (PID=329) to work on /opt/airflow/dags/weather_prediction_dag.py
[2025-12-05T02:10:43.377+0000] {processor.py:830} INFO - Processing file /opt/airflow/dags/weather_prediction_dag.py for tasks to queue
[2025-12-05T02:10:43.378+0000] {logging_mixin.py:188} INFO - [2025-12-05T02:10:43.378+0000] {dagbag.py:538} INFO - Filling up the DagBag from /opt/airflow/dags/weather_prediction_dag.py
[2025-12-05T02:10:43.403+0000] {processor.py:840} INFO - DAG(s) 'weather_prediction_pipeline' retrieved from /opt/airflow/dags/weather_prediction_dag.py
[2025-12-05T02:10:43.419+0000] {logging_mixin.py:188} INFO - [2025-12-05T02:10:43.419+0000] {dag.py:3036} INFO - Sync 1 DAGs
[2025-12-05T02:10:43.433+0000] {logging_mixin.py:188} INFO - [2025-12-05T02:10:43.433+0000] {dag.py:3823} INFO - Setting next_dagrun for weather_prediction_pipeline to 2025-12-05 00:00:00+00:00, run_after=2025-12-06 00:00:00+00:00
[2025-12-05T02:10:43.447+0000] {processor.py:183} INFO - Processing /opt/airflow/dags/weather_prediction_dag.py took 0.073 seconds
[2025-12-05T02:11:14.037+0000] {processor.py:161} INFO - Started process (PID=342) to work on /opt/airflow/dags/weather_prediction_dag.py
[2025-12-05T02:11:14.038+0000] {processor.py:830} INFO - Processing file /opt/airflow/dags/weather_prediction_dag.py for tasks to queue
[2025-12-05T02:11:14.039+0000] {logging_mixin.py:188} INFO - [2025-12-05T02:11:14.039+0000] {dagbag.py:538} INFO - Filling up the DagBag from /opt/airflow/dags/weather_prediction_dag.py
[2025-12-05T02:11:14.077+0000] {processor.py:840} INFO - DAG(s) 'weather_prediction_pipeline' retrieved from /opt/airflow/dags/weather_prediction_dag.py
[2025-12-05T02:11:14.097+0000] {logging_mixin.py:188} INFO - [2025-12-05T02:11:14.097+0000] {dag.py:3036} INFO - Sync 1 DAGs
[2025-12-05T02:11:14.116+0000] {logging_mixin.py:188} INFO - [2025-12-05T02:11:14.116+0000] {dag.py:3823} INFO - Setting next_dagrun for weather_prediction_pipeline to 2025-12-05 00:00:00+00:00, run_after=2025-12-06 00:00:00+00:00
[2025-12-05T02:11:14.133+0000] {processor.py:183} INFO - Processing /opt/airflow/dags/weather_prediction_dag.py took 0.098 seconds
[2025-12-05T02:11:44.757+0000] {processor.py:161} INFO - Started process (PID=355) to work on /opt/airflow/dags/weather_prediction_dag.py
[2025-12-05T02:11:44.758+0000] {processor.py:830} INFO - Processing file /opt/airflow/dags/weather_prediction_dag.py for tasks to queue
[2025-12-05T02:11:44.759+0000] {logging_mixin.py:188} INFO - [2025-12-05T02:11:44.759+0000] {dagbag.py:538} INFO - Filling up the DagBag from /opt/airflow/dags/weather_prediction_dag.py
[2025-12-05T02:11:44.798+0000] {processor.py:840} INFO - DAG(s) 'weather_prediction_pipeline' retrieved from /opt/airflow/dags/weather_prediction_dag.py
[2025-12-05T02:11:44.816+0000] {logging_mixin.py:188} INFO - [2025-12-05T02:11:44.816+0000] {dag.py:3036} INFO - Sync 1 DAGs
[2025-12-05T02:11:44.834+0000] {logging_mixin.py:188} INFO - [2025-12-05T02:11:44.834+0000] {dag.py:3823} INFO - Setting next_dagrun for weather_prediction_pipeline to 2025-12-05 00:00:00+00:00, run_after=2025-12-06 00:00:00+00:00
[2025-12-05T02:11:44.854+0000] {processor.py:183} INFO - Processing /opt/airflow/dags/weather_prediction_dag.py took 0.099 seconds
[2025-12-05T02:12:15.481+0000] {processor.py:161} INFO - Started process (PID=368) to work on /opt/airflow/dags/weather_prediction_dag.py
[2025-12-05T02:12:15.482+0000] {processor.py:830} INFO - Processing file /opt/airflow/dags/weather_prediction_dag.py for tasks to queue
[2025-12-05T02:12:15.483+0000] {logging_mixin.py:188} INFO - [2025-12-05T02:12:15.483+0000] {dagbag.py:538} INFO - Filling up the DagBag from /opt/airflow/dags/weather_prediction_dag.py
[2025-12-05T02:12:15.549+0000] {processor.py:840} INFO - DAG(s) 'weather_prediction_pipeline' retrieved from /opt/airflow/dags/weather_prediction_dag.py
[2025-12-05T02:12:15.571+0000] {logging_mixin.py:188} INFO - [2025-12-05T02:12:15.570+0000] {dag.py:3036} INFO - Sync 1 DAGs
[2025-12-05T02:12:15.590+0000] {logging_mixin.py:188} INFO - [2025-12-05T02:12:15.589+0000] {dag.py:3823} INFO - Setting next_dagrun for weather_prediction_pipeline to 2025-12-05 00:00:00+00:00, run_after=2025-12-06 00:00:00+00:00
[2025-12-05T02:12:15.605+0000] {processor.py:183} INFO - Processing /opt/airflow/dags/weather_prediction_dag.py took 0.127 seconds
[2025-12-05T02:12:46.265+0000] {processor.py:161} INFO - Started process (PID=381) to work on /opt/airflow/dags/weather_prediction_dag.py
[2025-12-05T02:12:46.266+0000] {processor.py:830} INFO - Processing file /opt/airflow/dags/weather_prediction_dag.py for tasks to queue
[2025-12-05T02:12:46.267+0000] {logging_mixin.py:188} INFO - [2025-12-05T02:12:46.266+0000] {dagbag.py:538} INFO - Filling up the DagBag from /opt/airflow/dags/weather_prediction_dag.py
[2025-12-05T02:12:46.297+0000] {processor.py:840} INFO - DAG(s) 'weather_prediction_pipeline' retrieved from /opt/airflow/dags/weather_prediction_dag.py
[2025-12-05T02:12:46.317+0000] {logging_mixin.py:188} INFO - [2025-12-05T02:12:46.317+0000] {dag.py:3036} INFO - Sync 1 DAGs
[2025-12-05T02:12:46.334+0000] {logging_mixin.py:188} INFO - [2025-12-05T02:12:46.333+0000] {dag.py:3823} INFO - Setting next_dagrun for weather_prediction_pipeline to 2025-12-05 00:00:00+00:00, run_after=2025-12-06 00:00:00+00:00
[2025-12-05T02:12:46.352+0000] {processor.py:183} INFO - Processing /opt/airflow/dags/weather_prediction_dag.py took 0.090 seconds
[2025-12-05T02:13:17.076+0000] {processor.py:161} INFO - Started process (PID=394) to work on /opt/airflow/dags/weather_prediction_dag.py
[2025-12-05T02:13:17.077+0000] {processor.py:830} INFO - Processing file /opt/airflow/dags/weather_prediction_dag.py for tasks to queue
[2025-12-05T02:13:17.078+0000] {logging_mixin.py:188} INFO - [2025-12-05T02:13:17.078+0000] {dagbag.py:538} INFO - Filling up the DagBag from /opt/airflow/dags/weather_prediction_dag.py
[2025-12-05T02:13:17.120+0000] {processor.py:840} INFO - DAG(s) 'weather_prediction_pipeline' retrieved from /opt/airflow/dags/weather_prediction_dag.py
[2025-12-05T02:13:17.140+0000] {logging_mixin.py:188} INFO - [2025-12-05T02:13:17.139+0000] {dag.py:3036} INFO - Sync 1 DAGs
[2025-12-05T02:13:17.160+0000] {logging_mixin.py:188} INFO - [2025-12-05T02:13:17.159+0000] {dag.py:3823} INFO - Setting next_dagrun for weather_prediction_pipeline to 2025-12-05 00:00:00+00:00, run_after=2025-12-06 00:00:00+00:00
[2025-12-05T02:13:17.181+0000] {processor.py:183} INFO - Processing /opt/airflow/dags/weather_prediction_dag.py took 0.107 seconds
[2025-12-05T02:13:47.795+0000] {processor.py:161} INFO - Started process (PID=407) to work on /opt/airflow/dags/weather_prediction_dag.py
[2025-12-05T02:13:47.796+0000] {processor.py:830} INFO - Processing file /opt/airflow/dags/weather_prediction_dag.py for tasks to queue
[2025-12-05T02:13:47.797+0000] {logging_mixin.py:188} INFO - [2025-12-05T02:13:47.796+0000] {dagbag.py:538} INFO - Filling up the DagBag from /opt/airflow/dags/weather_prediction_dag.py
[2025-12-05T02:13:47.843+0000] {processor.py:840} INFO - DAG(s) 'weather_prediction_pipeline' retrieved from /opt/airflow/dags/weather_prediction_dag.py
[2025-12-05T02:13:47.866+0000] {logging_mixin.py:188} INFO - [2025-12-05T02:13:47.866+0000] {dag.py:3036} INFO - Sync 1 DAGs
[2025-12-05T02:13:47.891+0000] {logging_mixin.py:188} INFO - [2025-12-05T02:13:47.890+0000] {dag.py:3823} INFO - Setting next_dagrun for weather_prediction_pipeline to 2025-12-05 00:00:00+00:00, run_after=2025-12-06 00:00:00+00:00
[2025-12-05T02:13:47.911+0000] {processor.py:183} INFO - Processing /opt/airflow/dags/weather_prediction_dag.py took 0.119 seconds
[2025-12-05T02:14:17.988+0000] {processor.py:161} INFO - Started process (PID=420) to work on /opt/airflow/dags/weather_prediction_dag.py
[2025-12-05T02:14:17.989+0000] {processor.py:830} INFO - Processing file /opt/airflow/dags/weather_prediction_dag.py for tasks to queue
[2025-12-05T02:14:17.990+0000] {logging_mixin.py:188} INFO - [2025-12-05T02:14:17.990+0000] {dagbag.py:538} INFO - Filling up the DagBag from /opt/airflow/dags/weather_prediction_dag.py
[2025-12-05T02:14:18.020+0000] {processor.py:840} INFO - DAG(s) 'weather_prediction_pipeline' retrieved from /opt/airflow/dags/weather_prediction_dag.py
[2025-12-05T02:14:18.038+0000] {logging_mixin.py:188} INFO - [2025-12-05T02:14:18.038+0000] {dag.py:3036} INFO - Sync 1 DAGs
[2025-12-05T02:14:18.056+0000] {logging_mixin.py:188} INFO - [2025-12-05T02:14:18.056+0000] {dag.py:3823} INFO - Setting next_dagrun for weather_prediction_pipeline to 2025-12-05 00:00:00+00:00, run_after=2025-12-06 00:00:00+00:00
[2025-12-05T02:14:18.076+0000] {processor.py:183} INFO - Processing /opt/airflow/dags/weather_prediction_dag.py took 0.090 seconds
[2025-12-05T02:14:48.720+0000] {processor.py:161} INFO - Started process (PID=433) to work on /opt/airflow/dags/weather_prediction_dag.py
[2025-12-05T02:14:48.721+0000] {processor.py:830} INFO - Processing file /opt/airflow/dags/weather_prediction_dag.py for tasks to queue
[2025-12-05T02:14:48.721+0000] {logging_mixin.py:188} INFO - [2025-12-05T02:14:48.721+0000] {dagbag.py:538} INFO - Filling up the DagBag from /opt/airflow/dags/weather_prediction_dag.py
[2025-12-05T02:14:48.774+0000] {processor.py:840} INFO - DAG(s) 'weather_prediction_pipeline' retrieved from /opt/airflow/dags/weather_prediction_dag.py
[2025-12-05T02:14:48.801+0000] {logging_mixin.py:188} INFO - [2025-12-05T02:14:48.801+0000] {dag.py:3036} INFO - Sync 1 DAGs
[2025-12-05T02:14:48.821+0000] {logging_mixin.py:188} INFO - [2025-12-05T02:14:48.821+0000] {dag.py:3823} INFO - Setting next_dagrun for weather_prediction_pipeline to 2025-12-05 00:00:00+00:00, run_after=2025-12-06 00:00:00+00:00
[2025-12-05T02:14:48.840+0000] {processor.py:183} INFO - Processing /opt/airflow/dags/weather_prediction_dag.py took 0.123 seconds
[2025-12-05T02:15:19.607+0000] {processor.py:161} INFO - Started process (PID=446) to work on /opt/airflow/dags/weather_prediction_dag.py
[2025-12-05T02:15:19.608+0000] {processor.py:830} INFO - Processing file /opt/airflow/dags/weather_prediction_dag.py for tasks to queue
[2025-12-05T02:15:19.609+0000] {logging_mixin.py:188} INFO - [2025-12-05T02:15:19.608+0000] {dagbag.py:538} INFO - Filling up the DagBag from /opt/airflow/dags/weather_prediction_dag.py
[2025-12-05T02:15:19.637+0000] {processor.py:840} INFO - DAG(s) 'weather_prediction_pipeline' retrieved from /opt/airflow/dags/weather_prediction_dag.py
[2025-12-05T02:15:19.655+0000] {logging_mixin.py:188} INFO - [2025-12-05T02:15:19.655+0000] {dag.py:3036} INFO - Sync 1 DAGs
[2025-12-05T02:15:19.672+0000] {logging_mixin.py:188} INFO - [2025-12-05T02:15:19.672+0000] {dag.py:3823} INFO - Setting next_dagrun for weather_prediction_pipeline to 2025-12-05 00:00:00+00:00, run_after=2025-12-06 00:00:00+00:00
[2025-12-05T02:15:19.699+0000] {processor.py:183} INFO - Processing /opt/airflow/dags/weather_prediction_dag.py took 0.095 seconds
[2025-12-05T02:15:23.927+0000] {processor.py:161} INFO - Started process (PID=451) to work on /opt/airflow/dags/weather_prediction_dag.py
[2025-12-05T02:15:23.928+0000] {processor.py:830} INFO - Processing file /opt/airflow/dags/weather_prediction_dag.py for tasks to queue
[2025-12-05T02:15:23.929+0000] {logging_mixin.py:188} INFO - [2025-12-05T02:15:23.929+0000] {dagbag.py:538} INFO - Filling up the DagBag from /opt/airflow/dags/weather_prediction_dag.py
[2025-12-05T02:15:24.192+0000] {processor.py:840} INFO - DAG(s) 'weather_prediction_pipeline' retrieved from /opt/airflow/dags/weather_prediction_dag.py
[2025-12-05T02:15:24.214+0000] {logging_mixin.py:188} INFO - [2025-12-05T02:15:24.213+0000] {dag.py:3036} INFO - Sync 1 DAGs
[2025-12-05T02:15:24.234+0000] {logging_mixin.py:188} INFO - [2025-12-05T02:15:24.234+0000] {dag.py:3823} INFO - Setting next_dagrun for weather_prediction_pipeline to 2025-12-05 00:00:00+00:00, run_after=2025-12-06 00:00:00+00:00
[2025-12-05T02:15:24.253+0000] {processor.py:183} INFO - Processing /opt/airflow/dags/weather_prediction_dag.py took 0.329 seconds
[2025-12-05T02:15:25.952+0000] {processor.py:161} INFO - Started process (PID=457) to work on /opt/airflow/dags/weather_prediction_dag.py
[2025-12-05T02:15:25.953+0000] {processor.py:830} INFO - Processing file /opt/airflow/dags/weather_prediction_dag.py for tasks to queue
[2025-12-05T02:15:25.954+0000] {logging_mixin.py:188} INFO - [2025-12-05T02:15:25.954+0000] {dagbag.py:538} INFO - Filling up the DagBag from /opt/airflow/dags/weather_prediction_dag.py
[2025-12-05T02:15:26.206+0000] {processor.py:840} INFO - DAG(s) 'weather_prediction_pipeline' retrieved from /opt/airflow/dags/weather_prediction_dag.py
[2025-12-05T02:15:26.290+0000] {logging_mixin.py:188} INFO - [2025-12-05T02:15:26.289+0000] {dag.py:3036} INFO - Sync 1 DAGs
[2025-12-05T02:15:26.309+0000] {logging_mixin.py:188} INFO - [2025-12-05T02:15:26.309+0000] {dag.py:3823} INFO - Setting next_dagrun for weather_prediction_pipeline to 2025-12-05 00:00:00+00:00, run_after=2025-12-06 00:00:00+00:00
[2025-12-05T02:15:26.331+0000] {processor.py:183} INFO - Processing /opt/airflow/dags/weather_prediction_dag.py took 0.382 seconds
[2025-12-05T02:15:48.376+0000] {processor.py:161} INFO - Started process (PID=471) to work on /opt/airflow/dags/weather_prediction_dag.py
[2025-12-05T02:15:48.377+0000] {processor.py:830} INFO - Processing file /opt/airflow/dags/weather_prediction_dag.py for tasks to queue
[2025-12-05T02:15:48.378+0000] {logging_mixin.py:188} INFO - [2025-12-05T02:15:48.378+0000] {dagbag.py:538} INFO - Filling up the DagBag from /opt/airflow/dags/weather_prediction_dag.py
[2025-12-05T02:15:48.674+0000] {processor.py:840} INFO - DAG(s) 'weather_prediction_pipeline' retrieved from /opt/airflow/dags/weather_prediction_dag.py
[2025-12-05T02:15:48.686+0000] {logging_mixin.py:188} INFO - [2025-12-05T02:15:48.685+0000] {dag.py:3036} INFO - Sync 1 DAGs
[2025-12-05T02:15:48.713+0000] {logging_mixin.py:188} INFO - [2025-12-05T02:15:48.713+0000] {dag.py:3823} INFO - Setting next_dagrun for weather_prediction_pipeline to 2025-12-05 00:00:00+00:00, run_after=2025-12-06 00:00:00+00:00
[2025-12-05T02:15:48.758+0000] {processor.py:183} INFO - Processing /opt/airflow/dags/weather_prediction_dag.py took 0.386 seconds
[2025-12-05T02:16:19.223+0000] {processor.py:161} INFO - Started process (PID=485) to work on /opt/airflow/dags/weather_prediction_dag.py
[2025-12-05T02:16:19.224+0000] {processor.py:830} INFO - Processing file /opt/airflow/dags/weather_prediction_dag.py for tasks to queue
[2025-12-05T02:16:19.225+0000] {logging_mixin.py:188} INFO - [2025-12-05T02:16:19.225+0000] {dagbag.py:538} INFO - Filling up the DagBag from /opt/airflow/dags/weather_prediction_dag.py
[2025-12-05T02:16:19.415+0000] {processor.py:840} INFO - DAG(s) 'weather_prediction_pipeline' retrieved from /opt/airflow/dags/weather_prediction_dag.py
[2025-12-05T02:16:19.432+0000] {logging_mixin.py:188} INFO - [2025-12-05T02:16:19.432+0000] {dag.py:3036} INFO - Sync 1 DAGs
[2025-12-05T02:16:19.446+0000] {logging_mixin.py:188} INFO - [2025-12-05T02:16:19.446+0000] {dag.py:3823} INFO - Setting next_dagrun for weather_prediction_pipeline to 2025-12-05 00:00:00+00:00, run_after=2025-12-06 00:00:00+00:00
[2025-12-05T02:16:19.460+0000] {processor.py:183} INFO - Processing /opt/airflow/dags/weather_prediction_dag.py took 0.239 seconds
[2025-12-05T02:16:50.217+0000] {processor.py:161} INFO - Started process (PID=499) to work on /opt/airflow/dags/weather_prediction_dag.py
[2025-12-05T02:16:50.219+0000] {processor.py:830} INFO - Processing file /opt/airflow/dags/weather_prediction_dag.py for tasks to queue
[2025-12-05T02:16:50.220+0000] {logging_mixin.py:188} INFO - [2025-12-05T02:16:50.220+0000] {dagbag.py:538} INFO - Filling up the DagBag from /opt/airflow/dags/weather_prediction_dag.py
[2025-12-05T02:16:50.598+0000] {processor.py:840} INFO - DAG(s) 'weather_prediction_pipeline' retrieved from /opt/airflow/dags/weather_prediction_dag.py
[2025-12-05T02:16:50.620+0000] {logging_mixin.py:188} INFO - [2025-12-05T02:16:50.620+0000] {dag.py:3036} INFO - Sync 1 DAGs
[2025-12-05T02:16:50.639+0000] {logging_mixin.py:188} INFO - [2025-12-05T02:16:50.639+0000] {dag.py:3823} INFO - Setting next_dagrun for weather_prediction_pipeline to 2025-12-05 00:00:00+00:00, run_after=2025-12-06 00:00:00+00:00
[2025-12-05T02:16:50.654+0000] {processor.py:183} INFO - Processing /opt/airflow/dags/weather_prediction_dag.py took 0.440 seconds
[2025-12-05T02:17:21.306+0000] {processor.py:161} INFO - Started process (PID=513) to work on /opt/airflow/dags/weather_prediction_dag.py
[2025-12-05T02:17:21.307+0000] {processor.py:830} INFO - Processing file /opt/airflow/dags/weather_prediction_dag.py for tasks to queue
[2025-12-05T02:17:21.308+0000] {logging_mixin.py:188} INFO - [2025-12-05T02:17:21.308+0000] {dagbag.py:538} INFO - Filling up the DagBag from /opt/airflow/dags/weather_prediction_dag.py
[2025-12-05T02:17:21.498+0000] {processor.py:840} INFO - DAG(s) 'weather_prediction_pipeline' retrieved from /opt/airflow/dags/weather_prediction_dag.py
[2025-12-05T02:17:21.519+0000] {logging_mixin.py:188} INFO - [2025-12-05T02:17:21.519+0000] {dag.py:3036} INFO - Sync 1 DAGs
[2025-12-05T02:17:21.536+0000] {logging_mixin.py:188} INFO - [2025-12-05T02:17:21.536+0000] {dag.py:3823} INFO - Setting next_dagrun for weather_prediction_pipeline to 2025-12-05 00:00:00+00:00, run_after=2025-12-06 00:00:00+00:00
[2025-12-05T02:17:21.550+0000] {processor.py:183} INFO - Processing /opt/airflow/dags/weather_prediction_dag.py took 0.247 seconds
[2025-12-05T02:17:52.293+0000] {processor.py:161} INFO - Started process (PID=527) to work on /opt/airflow/dags/weather_prediction_dag.py
[2025-12-05T02:17:52.295+0000] {processor.py:830} INFO - Processing file /opt/airflow/dags/weather_prediction_dag.py for tasks to queue
[2025-12-05T02:17:52.296+0000] {logging_mixin.py:188} INFO - [2025-12-05T02:17:52.296+0000] {dagbag.py:538} INFO - Filling up the DagBag from /opt/airflow/dags/weather_prediction_dag.py
[2025-12-05T02:17:52.550+0000] {processor.py:840} INFO - DAG(s) 'weather_prediction_pipeline' retrieved from /opt/airflow/dags/weather_prediction_dag.py
[2025-12-05T02:17:52.572+0000] {logging_mixin.py:188} INFO - [2025-12-05T02:17:52.571+0000] {dag.py:3036} INFO - Sync 1 DAGs
[2025-12-05T02:17:52.592+0000] {logging_mixin.py:188} INFO - [2025-12-05T02:17:52.592+0000] {dag.py:3823} INFO - Setting next_dagrun for weather_prediction_pipeline to 2025-12-05 00:00:00+00:00, run_after=2025-12-06 00:00:00+00:00
[2025-12-05T02:17:52.610+0000] {processor.py:183} INFO - Processing /opt/airflow/dags/weather_prediction_dag.py took 0.320 seconds
[2025-12-05T02:18:23.372+0000] {processor.py:161} INFO - Started process (PID=533) to work on /opt/airflow/dags/weather_prediction_dag.py
[2025-12-05T02:18:23.373+0000] {processor.py:830} INFO - Processing file /opt/airflow/dags/weather_prediction_dag.py for tasks to queue
[2025-12-05T02:18:23.373+0000] {logging_mixin.py:188} INFO - [2025-12-05T02:18:23.373+0000] {dagbag.py:538} INFO - Filling up the DagBag from /opt/airflow/dags/weather_prediction_dag.py
[2025-12-05T02:18:23.552+0000] {processor.py:840} INFO - DAG(s) 'weather_prediction_pipeline' retrieved from /opt/airflow/dags/weather_prediction_dag.py
[2025-12-05T02:18:23.568+0000] {logging_mixin.py:188} INFO - [2025-12-05T02:18:23.567+0000] {dag.py:3036} INFO - Sync 1 DAGs
[2025-12-05T02:18:23.581+0000] {logging_mixin.py:188} INFO - [2025-12-05T02:18:23.581+0000] {dag.py:3823} INFO - Setting next_dagrun for weather_prediction_pipeline to 2025-12-05 00:00:00+00:00, run_after=2025-12-06 00:00:00+00:00
[2025-12-05T02:18:23.593+0000] {processor.py:183} INFO - Processing /opt/airflow/dags/weather_prediction_dag.py took 0.223 seconds
[2025-12-05T02:18:54.465+0000] {processor.py:161} INFO - Started process (PID=547) to work on /opt/airflow/dags/weather_prediction_dag.py
[2025-12-05T02:18:54.467+0000] {processor.py:830} INFO - Processing file /opt/airflow/dags/weather_prediction_dag.py for tasks to queue
[2025-12-05T02:18:54.469+0000] {logging_mixin.py:188} INFO - [2025-12-05T02:18:54.468+0000] {dagbag.py:538} INFO - Filling up the DagBag from /opt/airflow/dags/weather_prediction_dag.py
[2025-12-05T02:18:55.064+0000] {processor.py:840} INFO - DAG(s) 'weather_prediction_pipeline' retrieved from /opt/airflow/dags/weather_prediction_dag.py
[2025-12-05T02:18:55.082+0000] {logging_mixin.py:188} INFO - [2025-12-05T02:18:55.082+0000] {dag.py:3036} INFO - Sync 1 DAGs
[2025-12-05T02:18:55.099+0000] {logging_mixin.py:188} INFO - [2025-12-05T02:18:55.099+0000] {dag.py:3823} INFO - Setting next_dagrun for weather_prediction_pipeline to 2025-12-05 00:00:00+00:00, run_after=2025-12-06 00:00:00+00:00
[2025-12-05T02:18:55.118+0000] {processor.py:183} INFO - Processing /opt/airflow/dags/weather_prediction_dag.py took 0.656 seconds
[2025-12-05T02:19:25.324+0000] {processor.py:161} INFO - Started process (PID=561) to work on /opt/airflow/dags/weather_prediction_dag.py
[2025-12-05T02:19:25.325+0000] {processor.py:830} INFO - Processing file /opt/airflow/dags/weather_prediction_dag.py for tasks to queue
[2025-12-05T02:19:25.326+0000] {logging_mixin.py:188} INFO - [2025-12-05T02:19:25.325+0000] {dagbag.py:538} INFO - Filling up the DagBag from /opt/airflow/dags/weather_prediction_dag.py
[2025-12-05T02:19:25.531+0000] {processor.py:840} INFO - DAG(s) 'weather_prediction_pipeline' retrieved from /opt/airflow/dags/weather_prediction_dag.py
[2025-12-05T02:19:25.554+0000] {logging_mixin.py:188} INFO - [2025-12-05T02:19:25.553+0000] {dag.py:3036} INFO - Sync 1 DAGs
[2025-12-05T02:19:25.571+0000] {logging_mixin.py:188} INFO - [2025-12-05T02:19:25.571+0000] {dag.py:3823} INFO - Setting next_dagrun for weather_prediction_pipeline to 2025-12-05 00:00:00+00:00, run_after=2025-12-06 00:00:00+00:00
[2025-12-05T02:19:25.589+0000] {processor.py:183} INFO - Processing /opt/airflow/dags/weather_prediction_dag.py took 0.267 seconds
[2025-12-05T02:19:55.784+0000] {processor.py:161} INFO - Started process (PID=575) to work on /opt/airflow/dags/weather_prediction_dag.py
[2025-12-05T02:19:55.785+0000] {processor.py:830} INFO - Processing file /opt/airflow/dags/weather_prediction_dag.py for tasks to queue
[2025-12-05T02:19:55.785+0000] {logging_mixin.py:188} INFO - [2025-12-05T02:19:55.785+0000] {dagbag.py:538} INFO - Filling up the DagBag from /opt/airflow/dags/weather_prediction_dag.py
[2025-12-05T02:19:55.975+0000] {processor.py:840} INFO - DAG(s) 'weather_prediction_pipeline' retrieved from /opt/airflow/dags/weather_prediction_dag.py
[2025-12-05T02:19:55.994+0000] {logging_mixin.py:188} INFO - [2025-12-05T02:19:55.994+0000] {dag.py:3036} INFO - Sync 1 DAGs
[2025-12-05T02:19:56.011+0000] {logging_mixin.py:188} INFO - [2025-12-05T02:19:56.011+0000] {dag.py:3823} INFO - Setting next_dagrun for weather_prediction_pipeline to 2025-12-05 00:00:00+00:00, run_after=2025-12-06 00:00:00+00:00
[2025-12-05T02:19:56.027+0000] {processor.py:183} INFO - Processing /opt/airflow/dags/weather_prediction_dag.py took 0.246 seconds
[2025-12-05T02:20:26.696+0000] {processor.py:161} INFO - Started process (PID=590) to work on /opt/airflow/dags/weather_prediction_dag.py
[2025-12-05T02:20:26.697+0000] {processor.py:830} INFO - Processing file /opt/airflow/dags/weather_prediction_dag.py for tasks to queue
[2025-12-05T02:20:26.698+0000] {logging_mixin.py:188} INFO - [2025-12-05T02:20:26.698+0000] {dagbag.py:538} INFO - Filling up the DagBag from /opt/airflow/dags/weather_prediction_dag.py
[2025-12-05T02:20:26.922+0000] {processor.py:840} INFO - DAG(s) 'weather_prediction_pipeline' retrieved from /opt/airflow/dags/weather_prediction_dag.py
[2025-12-05T02:20:26.945+0000] {logging_mixin.py:188} INFO - [2025-12-05T02:20:26.945+0000] {dag.py:3036} INFO - Sync 1 DAGs
[2025-12-05T02:20:26.968+0000] {logging_mixin.py:188} INFO - [2025-12-05T02:20:26.968+0000] {dag.py:3823} INFO - Setting next_dagrun for weather_prediction_pipeline to 2025-12-05 00:00:00+00:00, run_after=2025-12-06 00:00:00+00:00
[2025-12-05T02:20:26.989+0000] {processor.py:183} INFO - Processing /opt/airflow/dags/weather_prediction_dag.py took 0.296 seconds
[2025-12-05T02:20:57.837+0000] {processor.py:161} INFO - Started process (PID=604) to work on /opt/airflow/dags/weather_prediction_dag.py
[2025-12-05T02:20:57.841+0000] {processor.py:830} INFO - Processing file /opt/airflow/dags/weather_prediction_dag.py for tasks to queue
[2025-12-05T02:20:57.842+0000] {logging_mixin.py:188} INFO - [2025-12-05T02:20:57.841+0000] {dagbag.py:538} INFO - Filling up the DagBag from /opt/airflow/dags/weather_prediction_dag.py
[2025-12-05T02:20:58.082+0000] {processor.py:840} INFO - DAG(s) 'weather_prediction_pipeline' retrieved from /opt/airflow/dags/weather_prediction_dag.py
[2025-12-05T02:20:58.102+0000] {logging_mixin.py:188} INFO - [2025-12-05T02:20:58.101+0000] {dag.py:3036} INFO - Sync 1 DAGs
[2025-12-05T02:20:58.118+0000] {logging_mixin.py:188} INFO - [2025-12-05T02:20:58.118+0000] {dag.py:3823} INFO - Setting next_dagrun for weather_prediction_pipeline to 2025-12-05 00:00:00+00:00, run_after=2025-12-06 00:00:00+00:00
[2025-12-05T02:20:58.138+0000] {processor.py:183} INFO - Processing /opt/airflow/dags/weather_prediction_dag.py took 0.303 seconds
